-ilib -iexe -itests -W -optP-DEXE -optP-DTEST -package=base -package=cmdargs -package=lens -package=directory -package=strict -package=transformers -package=either -package=text -package=system-filepath -package=system-fileio -package=Cabal -package=cabal-cargs -package=tasty -package=tasty-golden -package=filepath -package-conf=.cabal-sandbox/x86_64-linux-ghc-7.6.2-packages.conf.d -idist/dist-sandbox-6d1acfa0/build/autogen -Idist/dist-sandbox-6d1acfa0/build/autogen -optP-include -optPcabal_macros.h