-itests -W -idist/build/autogen -Idist/build/autogen -optP-include -optPcabal_macros.h