-ilib -iexe -itests -W -optP-DLIB -optP-DEXE -optP-DTEST -idist/build/autogen -Idist/build/autogen -optP-include -optPcabal_macros.h