-g-ilib -g-iexe -g-itests -g-W -g-optP-DLIB -g-optP-DEXE -g-package=base -g-package=cmdargs -g-package=lens -g-package=directory -g-package=strict -g-package=transformers -g-package=either -g-package=text -g-package=system-filepath -g-package=system-fileio -g-package=Cabal -g-package=cabal-cargs -g-package=tasty -g-package=tasty-golden -g-package=filepath -g-idist/build/autogen -g-Idist/build/autogen -g-optP-include -g-optPcabal_macros.h --socket=.hdevtools.sock