-g-iexe -g-W -g-optP-DEXE -g-idist/build/autogen -g-Idist/build/autogen -g-optP-include -g-optPcabal_macros.h --socket=.hdevtools.sock