-ilib -iexe -itests -W -optP-DLIB -optP-DEXE -package=base -package=cmdargs -package=lens -package=directory -package=strict -package=transformers -package=either -package=text -package=system-filepath -package=system-fileio -package=Cabal -package=cabal-cargs -package=tasty -package=tasty-golden -package=filepath -idist/build/autogen -Idist/build/autogen -optP-include -optPcabal_macros.h
