lib -W -DLIB base cmdargs lens directory strict transformers either text system-filepath system-fileio Cabal dist/build/autogen dist/build/autogen cabal_macros.h .hdevtools.sock