-iexe -W -optP-DEXE -package=base -package=cabal-cargs -idist/build/autogen -Idist/build/autogen -optP-include -optPcabal_macros.h