exe -W -DEXE dist/build/autogen dist/build/autogen cabal_macros.h
